1
0.00000
0

1
0.00000
1
0.66667 0.33333 0.61045 0 0

3
2.81860
2
0.66667 0.33333 0.61045 0 0
0.66667 -0.66667 0.61045 0 0

3
4.88196
2
0.66667 0.33333 0.61045 0 0
1.66667 -0.66667 0.61045 0 0

3
5.63720
2
0.66667 0.33333 0.61045 0 0
2.66667 0.33333 0.61045 0 0

1
2.81860
3
0.66667 0.33333 0.61045 0 0
-0.33333 -0.66667 0.61045 0 0
0.66667 -0.66667 0.61045 0 0

1
2.81860
3
0.66667 0.33333 0.61045 0 0
1.66667 0.33333 0.61045 0 0
0.66667 -0.66667 0.61045 0 0

6
5.63720
3
0.66667 0.33333 0.61045 0 0
0.66667 -0.66667 0.61045 0 0
2.66667 0.33333 0.61045 0 0

6
5.63720
3
0.66667 0.33333 0.61045 0 0
1.66667 1.33333 0.61045 0 0
2.66667 0.33333 0.61045 0 0

1
0.00000
1
0.33333 0.66667 0.59937 0 0

3
2.81860
2
0.33333 0.66667 0.59937 0 0
0.33333 -0.33333 0.59937 0 0

3
1.70835
2
0.33333 0.66667 0.59937 0 0
-0.33333 0.33333 0.61045 0 0

3
3.29590
2
0.66667 0.33333 0.61045 0 0
1.33333 -0.33333 0.59937 0 0

6
4.33676
2
0.66667 0.33333 0.61045 0 0
0.33333 -1.33333 0.59937 0 0

3
2.81860
3
0.66667 0.33333 0.61045 0 0
0.33333 -0.33333 0.59937 0 0
0.66667 -0.66667 0.61045 0 0

6
3.29590
3
0.66667 0.33333 0.61045 0 0
0.66667 -0.66667 0.61045 0 0
1.33333 -0.33333 0.59937 0 0

3
2.81860
3
0.33333 0.66667 0.59937 0 0
0.66667 0.33333 0.61045 0 0
0.33333 -0.33333 0.59937 0 0

6
3.29590
3
0.66667 0.33333 0.61045 0 0
0.33333 -0.33333 0.59937 0 0
1.33333 -0.33333 0.59937 0 0

6
4.33676
3
0.66667 0.33333 0.61045 0 0
0.33333 -0.33333 0.59937 0 0
0.33333 -1.33333 0.59937 0 0